[0m08:46:56.479884 [debug] [MainThread]: Sending event: {'category': 'dbt', 'action': 'invocation', 'label': 'start', 'context': [<snowplow_tracker.self_describing_json.SelfDescribingJson object at 0x000001F8F61B1E80>, <snowplow_tracker.self_describing_json.SelfDescribingJson object at 0x000001F8F2F6CCD0>, <snowplow_tracker.self_describing_json.SelfDescribingJson object at 0x000001F8F8497C50>]}


============================== 08:46:56.525573 | 2e35e794-2759-457a-80b7-b11a9af53a91 ==============================
[0m08:46:56.525573 [info ] [MainThread]: Running with dbt=1.12.0-b1
[0m08:46:56.527269 [debug] [MainThread]: running dbt with arguments {'version_check': 'True', 'no_print': 'None', 'static_parser': 'True', 'target_path': 'None', 'warn_error_options': 'WarnErrorOptionsV2(error=[], warn=[], silence=[])', 'printer_width': '80', 'write_json': 'True', 'empty': 'None', 'log_cache_events': 'False', 'introspect': 'True', 'cache_selected_only': 'False', 'fail_fast': 'False', 'debug': 'False', 'log_format': 'default', 'profiles_dir': 'C:\\Users\\laker\\.dbt', 'send_anonymous_usage_stats': 'True', 'quiet': 'False', 'warn_error': 'None', 'partial_parse': 'True', 'use_colors': 'True', 'invocation_command': 'dbt init dbt_project', 'indirect_selection': 'eager', 'use_experimental_parser': 'False', 'log_path': 'logs'}
[0m08:46:56.578843 [info ] [MainThread]: Creating dbt configuration folder at C:\Users\laker\.dbt
[0m08:46:56.585573 [debug] [MainThread]: Starter project path: C:\Users\laker\Documents\Projects\wc2026-dashboard\venv\Lib\site-packages\dbt\include\starter_project
[0m08:46:56.637925 [info ] [MainThread]: Setting up your profile.
[0m08:50:03.617460 [info ] [MainThread]: Profile dbt_project written to C:\Users\laker\.dbt\profiles.yml using target's profile_template.yml and your supplied values.
[0m08:50:03.624436 [info ] [MainThread]: Running dbt debug to validate the project...
[0m08:50:03.626214 [info ] [MainThread]: dbt version: 1.12.0-b1
[0m08:50:03.627107 [info ] [MainThread]: python version: 3.13.5
[0m08:50:03.628067 [info ] [MainThread]: python path: C:\Users\laker\Documents\Projects\wc2026-dashboard\venv\Scripts\python.exe
[0m08:50:03.628730 [info ] [MainThread]: os info: Windows-11-10.0.26200-SP0
[0m08:50:03.759140 [info ] [MainThread]: Using profiles dir at C:\Users\laker\.dbt
[0m08:50:03.760518 [info ] [MainThread]: Using profiles.yml file at C:\Users\laker\.dbt\profiles.yml
[0m08:50:03.761619 [info ] [MainThread]: Using dbt_project.yml file at C:\Users\laker\Documents\Projects\wc2026-dashboard\dbt_project\dbt_project.yml
[0m08:50:03.764507 [info ] [MainThread]: adapter type: postgres
[0m08:50:03.765453 [info ] [MainThread]: adapter version: 1.10.0
[0m08:50:03.978649 [info ] [MainThread]: Configuration:
[0m08:50:03.979997 [info ] [MainThread]:   profiles.yml file [[32mOK found and valid[0m]
[0m08:50:03.981157 [info ] [MainThread]:   dbt_project.yml file [[32mOK found and valid[0m]
[0m08:50:03.982542 [info ] [MainThread]: Required dependencies:
[0m08:50:03.983641 [debug] [MainThread]: Executing "git --help"
[0m08:50:04.104613 [debug] [MainThread]: STDOUT: "b"usage: git [-v | --version] [-h | --help] [-C <path>] [-c <name>=<value>]\n           [--exec-path[=<path>]] [--html-path] [--man-path] [--info-path]\n           [-p | --paginate | -P | --no-pager] [--no-replace-objects] [--no-lazy-fetch]\n           [--no-optional-locks] [--no-advice] [--bare] [--git-dir=<path>]\n           [--work-tree=<path>] [--namespace=<name>] [--config-env=<name>=<envvar>]\n           <command> [<args>]\n\nThese are common Git commands used in various situations:\n\nstart a working area (see also: git help tutorial)\n   clone      Clone a repository into a new directory\n   init       Create an empty Git repository or reinitialize an existing one\n\nwork on the current change (see also: git help everyday)\n   add        Add file contents to the index\n   mv         Move or rename a file, a directory, or a symlink\n   restore    Restore working tree files\n   rm         Remove files from the working tree and from the index\n\nexamine the history and state (see also: git help revisions)\n   bisect     Use binary search to find the commit that introduced a bug\n   diff       Show changes between commits, commit and working tree, etc\n   grep       Print lines matching a pattern\n   log        Show commit logs\n   show       Show various types of objects\n   status     Show the working tree status\n\ngrow, mark and tweak your common history\n   backfill   Download missing objects in a partial clone\n   branch     List, create, or delete branches\n   commit     Record changes to the repository\n   merge      Join two or more development histories together\n   rebase     Reapply commits on top of another base tip\n   reset      Reset current HEAD to the specified state\n   switch     Switch branches\n   tag        Create, list, delete or verify a tag object signed with GPG\n\ncollaborate (see also: git help workflows)\n   fetch      Download objects and refs from another repository\n   pull       Fetch from and integrate with another repository or a local branch\n   push       Update remote refs along with associated objects\n\n'git help -a' and 'git help -g' list available subcommands and some\nconcept guides. See 'git help <command>' or 'git help <concept>'\nto read about a specific subcommand or concept.\nSee 'git help git' for an overview of the system.\n""
[0m08:50:04.105884 [debug] [MainThread]: STDERR: "b''"
[0m08:50:04.106899 [info ] [MainThread]:  - git [[32mOK found[0m]

[0m08:50:04.107781 [info ] [MainThread]: Connection:
[0m08:50:04.108793 [info ] [MainThread]:   host: localhost
[0m08:50:04.109535 [info ] [MainThread]:   port: 5432
[0m08:50:04.110353 [info ] [MainThread]:   user: postgres
[0m08:50:04.111074 [info ] [MainThread]:   database: wc2026
[0m08:50:04.111870 [info ] [MainThread]:   schema: staging
[0m08:50:04.112595 [info ] [MainThread]:   connect_timeout: 10
[0m08:50:04.113091 [info ] [MainThread]:   role: None
[0m08:50:04.113752 [info ] [MainThread]:   search_path: None
[0m08:50:04.114713 [info ] [MainThread]:   keepalives_idle: 0
[0m08:50:04.115416 [info ] [MainThread]:   sslmode: None
[0m08:50:04.116114 [info ] [MainThread]:   sslcert: None
[0m08:50:04.116898 [info ] [MainThread]:   sslkey: None
[0m08:50:04.117490 [info ] [MainThread]:   sslrootcert: None
[0m08:50:04.118797 [info ] [MainThread]:   application_name: dbt
[0m08:50:04.119753 [info ] [MainThread]:   retries: 1
[0m08:50:04.120718 [info ] [MainThread]: Registered adapter: postgres=1.10.0
[0m08:50:04.517941 [debug] [MainThread]: Acquiring new postgres connection 'debug'
[0m08:50:12.130251 [debug] [MainThread]: Using postgres connection "debug"
[0m08:50:12.130949 [debug] [MainThread]: On debug: select 1 as id
[0m08:50:12.131550 [debug] [MainThread]: Opening a new connection, currently in state init
[0m08:50:12.310360 [debug] [MainThread]: Postgres adapter: Got a retryable error when attempting to open a postgres connection.
1 attempts remaining. Retrying in 0 seconds.
Error:
connection to server at "localhost" (::1), port 5432 failed: FATAL:  password authentication failed for user "postgres"

[0m08:50:12.368554 [debug] [MainThread]: Postgres adapter: Error running SQL: select 1 as id
[0m08:50:12.369651 [debug] [MainThread]: Postgres adapter: Rolling back transaction.
[0m08:50:12.370661 [debug] [MainThread]: On debug: No close available on handle
[0m08:50:12.371179 [info ] [MainThread]:   Connection test: [[31mERROR[0m]

[0m08:50:12.372215 [info ] [MainThread]: [31m1 check failed:[0m
[0m08:50:12.372951 [info ] [MainThread]: dbt was unable to connect to the specified database.
The database returned the following error:

  >Database Error
  connection to server at "localhost" (::1), port 5432 failed: FATAL:  password authentication failed for user "postgres"
  

Check your database credentials and try again. For more information, visit:
https://docs.getdbt.com/docs/configure-your-profile


[0m08:50:12.373676 [info ] [MainThread]: Your new dbt project "dbt_project" was created!
Initialized new project in C:\Users\laker\Documents\Projects\wc2026-dashboard\dbt_project\dbt_project

For more information on how to configure the profiles.yml file,
please consult the dbt documentation here:

  https://docs.getdbt.com/docs/configure-your-profile

One more thing:

Need help? Don't hesitate to reach out to us via GitHub issues or on Slack:

  https://community.getdbt.com/

Happy modeling!

[0m08:50:12.374567 [info ] [MainThread]: [31mYour profile may need adjustments. You can find the logs of `dbt debug` above[0m
[0m08:50:12.376070 [debug] [MainThread]: Command `dbt init` succeeded at 08:50:12.375860 after 196.21 seconds
[0m08:50:12.376569 [debug] [MainThread]: Connection 'debug' was properly closed.
[0m08:50:12.377138 [debug] [MainThread]: Sending event: {'category': 'dbt', 'action': 'invocation', 'label': 'end', 'context': [<snowplow_tracker.self_describing_json.SelfDescribingJson object at 0x000001F8F87FB230>, <snowplow_tracker.self_describing_json.SelfDescribingJson object at 0x000001F8F83E3AD0>, <snowplow_tracker.self_describing_json.SelfDescribingJson object at 0x000001F8F8797F00>]}
[0m08:50:12.377713 [debug] [MainThread]: Flushing usage events
[0m08:50:13.141817 [debug] [MainThread]: An error was encountered while trying to flush usage events
[0m15:07:33.245820 [debug] [MainThread]: Sending event: {'category': 'dbt', 'action': 'invocation', 'label': 'start', 'context': [<snowplow_tracker.self_describing_json.SelfDescribingJson object at 0x00000282DDAC1E80>, <snowplow_tracker.self_describing_json.SelfDescribingJson object at 0x00000282DA86CCD0>, <snowplow_tracker.self_describing_json.SelfDescribingJson object at 0x00000282DFE6FD90>]}


============================== 15:07:33.252702 | db2f00ee-fc86-4250-be68-4a8a21232494 ==============================
[0m15:07:33.252702 [info ] [MainThread]: Running with dbt=1.12.0-b1
[0m15:07:33.253246 [debug] [MainThread]: running dbt with arguments {'version_check': 'True', 'no_print': 'None', 'static_parser': 'True', 'warn_error_options': 'WarnErrorOptionsV2(error=[], warn=[], silence=[])', 'target_path': 'None', 'printer_width': '80', 'write_json': 'True', 'introspect': 'True', 'log_cache_events': 'False', 'empty': 'False', 'cache_selected_only': 'False', 'fail_fast': 'False', 'debug': 'False', 'log_format': 'default', 'partial_parse': 'True', 'send_anonymous_usage_stats': 'True', 'quiet': 'False', 'warn_error': 'None', 'profiles_dir': 'C:\\Users\\laker\\.dbt', 'indirect_selection': 'eager', 'use_colors': 'True', 'invocation_command': 'dbt run --select agg_team_wc_history', 'use_experimental_parser': 'False', 'log_path': 'logs'}
[0m15:07:33.253607 [error] [MainThread]: [[31mERROR[0m]: Encountered an error:
Runtime Error
  No dbt_project.yml found at expected path C:\Users\laker\Documents\Projects\wc2026-dashboard\dbt_project.yml
  Verify that each entry within packages.yml (and their transitive dependencies) contains a file named dbt_project.yml
  
[0m15:07:33.254162 [debug] [MainThread]: Command `dbt run` failed at 15:07:33.254083 after 0.14 seconds
[0m15:07:33.254409 [debug] [MainThread]: Sending event: {'category': 'dbt', 'action': 'invocation', 'label': 'end', 'context': [<snowplow_tracker.self_describing_json.SelfDescribingJson object at 0x00000282DFE51E00>, <snowplow_tracker.self_describing_json.SelfDescribingJson object at 0x00000282DFD9FD10>, <snowplow_tracker.self_describing_json.SelfDescribingJson object at 0x00000282DFE247C0>]}
[0m15:07:33.254633 [debug] [MainThread]: Flushing usage events
[0m15:07:33.729483 [debug] [MainThread]: An error was encountered while trying to flush usage events
[0m15:08:33.750374 [debug] [MainThread]: Sending event: {'category': 'dbt', 'action': 'invocation', 'label': 'start', 'context': [<snowplow_tracker.self_describing_json.SelfDescribingJson object at 0x000001F409B01E80>, <snowplow_tracker.self_describing_json.SelfDescribingJson object at 0x000001F40693CCD0>, <snowplow_tracker.self_describing_json.SelfDescribingJson object at 0x000001F40BC6FD90>]}


============================== 15:08:33.756082 | 3a614ce7-e5d5-48db-97fa-8440cc1df5cf ==============================
[0m15:08:33.756082 [info ] [MainThread]: Running with dbt=1.12.0-b1
[0m15:08:33.756847 [debug] [MainThread]: running dbt with arguments {'version_check': 'True', 'no_print': 'None', 'static_parser': 'True', 'warn_error_options': 'WarnErrorOptionsV2(error=[], warn=[], silence=[])', 'target_path': 'None', 'printer_width': '80', 'write_json': 'True', 'introspect': 'True', 'log_cache_events': 'False', 'empty': 'False', 'cache_selected_only': 'False', 'log_format': 'default', 'debug': 'False', 'fail_fast': 'False', 'partial_parse': 'True', 'send_anonymous_usage_stats': 'True', 'quiet': 'False', 'warn_error': 'None', 'profiles_dir': 'C:\\Users\\laker\\.dbt', 'indirect_selection': 'eager', 'use_colors': 'True', 'invocation_command': 'dbt run --select agg_team_wc_history', 'use_experimental_parser': 'False', 'log_path': 'logs'}
[0m15:08:33.757217 [error] [MainThread]: [[31mERROR[0m]: Encountered an error:
Runtime Error
  No dbt_project.yml found at expected path C:\Users\laker\Documents\Projects\wc2026-dashboard\dbt_project.yml
  Verify that each entry within packages.yml (and their transitive dependencies) contains a file named dbt_project.yml
  
[0m15:08:33.757808 [debug] [MainThread]: Command `dbt run` failed at 15:08:33.757727 after 0.13 seconds
[0m15:08:33.758033 [debug] [MainThread]: Sending event: {'category': 'dbt', 'action': 'invocation', 'label': 'end', 'context': [<snowplow_tracker.self_describing_json.SelfDescribingJson object at 0x000001F40BE91E00>, <snowplow_tracker.self_describing_json.SelfDescribingJson object at 0x000001F40BCC3D10>, <snowplow_tracker.self_describing_json.SelfDescribingJson object at 0x000001F40BE647C0>]}
[0m15:08:33.758261 [debug] [MainThread]: Flushing usage events
[0m15:08:34.237202 [debug] [MainThread]: An error was encountered while trying to flush usage events
[0m13:14:53.152116 [debug] [MainThread]: Sending event: {'category': 'dbt', 'action': 'invocation', 'label': 'start', 'context': [<snowplow_tracker.self_describing_json.SelfDescribingJson object at 0x0000017E66BF1E80>, <snowplow_tracker.self_describing_json.SelfDescribingJson object at 0x0000017E6399CCD0>, <snowplow_tracker.self_describing_json.SelfDescribingJson object at 0x0000017E68ED7C50>]}


============================== 13:14:53.168726 | 63f24b13-4eb2-43bc-94f7-1c3dbef1135d ==============================
[0m13:14:53.168726 [info ] [MainThread]: Running with dbt=1.12.0-b1
[0m13:14:53.169407 [debug] [MainThread]: running dbt with arguments {'version_check': 'True', 'no_print': 'None', 'static_parser': 'True', 'warn_error_options': 'WarnErrorOptionsV2(error=[], warn=[], silence=[])', 'target_path': 'None', 'printer_width': '80', 'write_json': 'True', 'empty': 'None', 'log_cache_events': 'False', 'introspect': 'True', 'cache_selected_only': 'False', 'fail_fast': 'False', 'debug': 'False', 'log_format': 'default', 'partial_parse': 'True', 'send_anonymous_usage_stats': 'True', 'quiet': 'False', 'warn_error': 'None', 'profiles_dir': 'C:\\Users\\laker\\.dbt', 'indirect_selection': 'eager', 'invocation_command': 'dbt debug', 'use_colors': 'True', 'use_experimental_parser': 'False', 'log_path': 'logs'}
[0m13:14:53.192342 [info ] [MainThread]: dbt version: 1.12.0-b1
[0m13:14:53.192764 [info ] [MainThread]: python version: 3.13.5
[0m13:14:53.193141 [info ] [MainThread]: python path: C:\Users\laker\Documents\Projects\wc2026-dashboard\venv\Scripts\python.exe
[0m13:14:53.193459 [info ] [MainThread]: os info: Windows-11-10.0.26200-SP0
[0m13:14:53.490445 [info ] [MainThread]: Using profiles dir at C:\Users\laker\.dbt
[0m13:14:53.490997 [info ] [MainThread]: Using profiles.yml file at C:\Users\laker\.dbt\profiles.yml
[0m13:14:53.491405 [info ] [MainThread]: Using dbt_project.yml file at C:\Users\laker\Documents\Projects\wc2026-dashboard\dbt_project.yml
[0m13:14:53.492250 [info ] [MainThread]: adapter type: postgres
[0m13:14:53.492507 [info ] [MainThread]: adapter version: 1.10.0
[0m13:14:53.492844 [info ] [MainThread]: Configuration:
[0m13:14:53.493069 [info ] [MainThread]:   profiles.yml file [[32mOK found and valid[0m]
[0m13:14:53.493322 [info ] [MainThread]:   dbt_project.yml file [[31mERROR not found[0m]
[0m13:14:53.493556 [info ] [MainThread]: Required dependencies:
[0m13:14:53.493886 [debug] [MainThread]: Executing "git --help"
[0m13:14:53.525181 [debug] [MainThread]: STDOUT: "b"usage: git [-v | --version] [-h | --help] [-C <path>] [-c <name>=<value>]\n           [--exec-path[=<path>]] [--html-path] [--man-path] [--info-path]\n           [-p | --paginate | -P | --no-pager] [--no-replace-objects] [--no-lazy-fetch]\n           [--no-optional-locks] [--no-advice] [--bare] [--git-dir=<path>]\n           [--work-tree=<path>] [--namespace=<name>] [--config-env=<name>=<envvar>]\n           <command> [<args>]\n\nThese are common Git commands used in various situations:\n\nstart a working area (see also: git help tutorial)\n   clone      Clone a repository into a new directory\n   init       Create an empty Git repository or reinitialize an existing one\n\nwork on the current change (see also: git help everyday)\n   add        Add file contents to the index\n   mv         Move or rename a file, a directory, or a symlink\n   restore    Restore working tree files\n   rm         Remove files from the working tree and from the index\n\nexamine the history and state (see also: git help revisions)\n   bisect     Use binary search to find the commit that introduced a bug\n   diff       Show changes between commits, commit and working tree, etc\n   grep       Print lines matching a pattern\n   log        Show commit logs\n   show       Show various types of objects\n   status     Show the working tree status\n\ngrow, mark and tweak your common history\n   backfill   Download missing objects in a partial clone\n   branch     List, create, or delete branches\n   commit     Record changes to the repository\n   merge      Join two or more development histories together\n   rebase     Reapply commits on top of another base tip\n   reset      Reset current HEAD to the specified state\n   switch     Switch branches\n   tag        Create, list, delete or verify a tag object signed with GPG\n\ncollaborate (see also: git help workflows)\n   fetch      Download objects and refs from another repository\n   pull       Fetch from and integrate with another repository or a local branch\n   push       Update remote refs along with associated objects\n\n'git help -a' and 'git help -g' list available subcommands and some\nconcept guides. See 'git help <command>' or 'git help <concept>'\nto read about a specific subcommand or concept.\nSee 'git help git' for an overview of the system.\n""
[0m13:14:53.525583 [debug] [MainThread]: STDERR: "b''"
[0m13:14:53.525860 [info ] [MainThread]:  - git [[32mOK found[0m]

[0m13:14:53.526238 [info ] [MainThread]: Connection:
[0m13:14:53.526653 [info ] [MainThread]:   host: db.kpotdgibgtwdxpbcsjiu.supabase.co
[0m13:14:53.526954 [info ] [MainThread]:   port: 5432
[0m13:14:53.527187 [info ] [MainThread]:   user: postgres
[0m13:14:53.527428 [info ] [MainThread]:   database: postgres
[0m13:14:53.527661 [info ] [MainThread]:   schema: staging
[0m13:14:53.527889 [info ] [MainThread]:   connect_timeout: 10
[0m13:14:53.528110 [info ] [MainThread]:   role: None
[0m13:14:53.528332 [info ] [MainThread]:   search_path: None
[0m13:14:53.528535 [info ] [MainThread]:   keepalives_idle: 0
[0m13:14:53.528759 [info ] [MainThread]:   sslmode: None
[0m13:14:53.528970 [info ] [MainThread]:   sslcert: None
[0m13:14:53.529228 [info ] [MainThread]:   sslkey: None
[0m13:14:53.529460 [info ] [MainThread]:   sslrootcert: None
[0m13:14:53.529679 [info ] [MainThread]:   application_name: dbt
[0m13:14:53.529905 [info ] [MainThread]:   retries: 1
[0m13:14:53.530359 [info ] [MainThread]: Registered adapter: postgres=1.10.0
[0m13:14:53.875130 [debug] [MainThread]: Acquiring new postgres connection 'debug'
[0m13:14:57.536297 [debug] [MainThread]: Using postgres connection "debug"
[0m13:14:57.536906 [debug] [MainThread]: On debug: select 1 as id
[0m13:14:57.537264 [debug] [MainThread]: Opening a new connection, currently in state init
[0m13:14:57.915845 [debug] [MainThread]: SQL status: SELECT 1 in 0.378 seconds
[0m13:14:57.919487 [debug] [MainThread]: On debug: Close
[0m13:14:57.920905 [info ] [MainThread]:   Connection test: [[32mOK connection ok[0m]

[0m13:14:57.921328 [info ] [MainThread]: [31m1 check failed:[0m
[0m13:14:57.921840 [info ] [MainThread]: Project loading failed for the following reason:
 project path <C:\Users\laker\Documents\Projects\wc2026-dashboard\dbt_project.yml> not found

[0m13:14:57.923312 [debug] [MainThread]: Command `dbt debug` failed at 13:14:57.923086 after 4.96 seconds
[0m13:14:57.923891 [debug] [MainThread]: Connection 'debug' was properly closed.
[0m13:14:57.924559 [debug] [MainThread]: Sending event: {'category': 'dbt', 'action': 'invocation', 'label': 'end', 'context': [<snowplow_tracker.self_describing_json.SelfDescribingJson object at 0x0000017E69166C40>, <snowplow_tracker.self_describing_json.SelfDescribingJson object at 0x0000017E691FD6D0>, <snowplow_tracker.self_describing_json.SelfDescribingJson object at 0x0000017E68FABAC0>]}
[0m13:14:57.925291 [debug] [MainThread]: Flushing usage events
[0m13:14:58.442166 [debug] [MainThread]: An error was encountered while trying to flush usage events
[0m13:15:19.246281 [debug] [MainThread]: Sending event: {'category': 'dbt', 'action': 'invocation', 'label': 'start', 'context': [<snowplow_tracker.self_describing_json.SelfDescribingJson object at 0x0000017BA9601E80>, <snowplow_tracker.self_describing_json.SelfDescribingJson object at 0x0000017BA63BCCD0>, <snowplow_tracker.self_describing_json.SelfDescribingJson object at 0x0000017BAB867D90>]}


============================== 13:15:19.252127 | ae6bc410-0f74-406f-8328-69c97c6112b7 ==============================
[0m13:15:19.252127 [info ] [MainThread]: Running with dbt=1.12.0-b1
[0m13:15:19.252644 [debug] [MainThread]: running dbt with arguments {'static_parser': 'True', 'no_print': 'None', 'version_check': 'True', 'target_path': 'None', 'warn_error_options': 'WarnErrorOptionsV2(error=[], warn=[], silence=[])', 'printer_width': '80', 'write_json': 'True', 'empty': 'False', 'log_cache_events': 'False', 'introspect': 'True', 'cache_selected_only': 'False', 'log_format': 'default', 'debug': 'False', 'fail_fast': 'False', 'profiles_dir': 'C:\\Users\\laker\\.dbt', 'send_anonymous_usage_stats': 'True', 'quiet': 'False', 'warn_error': 'None', 'partial_parse': 'True', 'invocation_command': 'dbt seed', 'indirect_selection': 'eager', 'use_colors': 'True', 'use_experimental_parser': 'False', 'log_path': 'logs'}
[0m13:15:19.253012 [error] [MainThread]: [[31mERROR[0m]: Encountered an error:
Runtime Error
  No dbt_project.yml found at expected path C:\Users\laker\Documents\Projects\wc2026-dashboard\dbt_project.yml
  Verify that each entry within packages.yml (and their transitive dependencies) contains a file named dbt_project.yml
  
[0m13:15:19.253571 [debug] [MainThread]: Command `dbt seed` failed at 13:15:19.253491 after 0.13 seconds
[0m13:15:19.253798 [debug] [MainThread]: Sending event: {'category': 'dbt', 'action': 'invocation', 'label': 'end', 'context': [<snowplow_tracker.self_describing_json.SelfDescribingJson object at 0x0000017BAB995E00>, <snowplow_tracker.self_describing_json.SelfDescribingJson object at 0x0000017BAB8DFD10>, <snowplow_tracker.self_describing_json.SelfDescribingJson object at 0x0000017BAB9647C0>]}
[0m13:15:19.254023 [debug] [MainThread]: Flushing usage events
[0m13:15:19.748551 [debug] [MainThread]: An error was encountered while trying to flush usage events
[0m10:50:45.416749 [debug] [MainThread]: Sending event: {'category': 'dbt', 'action': 'invocation', 'label': 'start', 'context': [<snowplow_tracker.self_describing_json.SelfDescribingJson object at 0x0000028CC88D1E80>, <snowplow_tracker.self_describing_json.SelfDescribingJson object at 0x0000028CC56BCCD0>, <snowplow_tracker.self_describing_json.SelfDescribingJson object at 0x0000028CCAB33D90>]}


============================== 10:50:45.435788 | 179c9d79-4afd-4111-bd21-c4b8900489e4 ==============================
[0m10:50:45.435788 [info ] [MainThread]: Running with dbt=1.12.0-b1
[0m10:50:45.436361 [debug] [MainThread]: running dbt with arguments {'version_check': 'True', 'no_print': 'None', 'static_parser': 'True', 'warn_error_options': 'WarnErrorOptionsV2(error=[], warn=[], silence=[])', 'target_path': 'None', 'printer_width': '80', 'write_json': 'True', 'introspect': 'True', 'log_cache_events': 'False', 'empty': 'False', 'cache_selected_only': 'False', 'log_format': 'default', 'debug': 'False', 'fail_fast': 'False', 'profiles_dir': 'C:\\Users\\laker\\.dbt', 'send_anonymous_usage_stats': 'True', 'quiet': 'False', 'warn_error': 'None', 'partial_parse': 'True', 'use_colors': 'True', 'invocation_command': 'dbt seed', 'indirect_selection': 'eager', 'use_experimental_parser': 'False', 'log_path': 'logs'}
[0m10:50:45.436745 [error] [MainThread]: [[31mERROR[0m]: Encountered an error:
Runtime Error
  No dbt_project.yml found at expected path C:\Users\laker\Documents\Projects\wc2026-dashboard\dbt_project.yml
  Verify that each entry within packages.yml (and their transitive dependencies) contains a file named dbt_project.yml
  
[0m10:50:45.437426 [debug] [MainThread]: Command `dbt seed` failed at 10:50:45.437342 after 0.21 seconds
[0m10:50:45.437669 [debug] [MainThread]: Sending event: {'category': 'dbt', 'action': 'invocation', 'label': 'end', 'context': [<snowplow_tracker.self_describing_json.SelfDescribingJson object at 0x0000028CCAC61E00>, <snowplow_tracker.self_describing_json.SelfDescribingJson object at 0x0000028CCABAFD10>, <snowplow_tracker.self_describing_json.SelfDescribingJson object at 0x0000028CCAC347C0>]}
[0m10:50:45.437934 [debug] [MainThread]: Flushing usage events
[0m10:50:46.063346 [debug] [MainThread]: An error was encountered while trying to flush usage events
[0m15:15:45.132811 [debug] [MainThread]: Sending event: {'category': 'dbt', 'action': 'invocation', 'label': 'start', 'context': [<snowplow_tracker.self_describing_json.SelfDescribingJson object at 0x000001B12FB41E80>, <snowplow_tracker.self_describing_json.SelfDescribingJson object at 0x000001B12C8ECCD0>, <snowplow_tracker.self_describing_json.SelfDescribingJson object at 0x000001B131E33C50>]}


============================== 15:15:45.153697 | 097b5bdf-0948-4a2d-8733-4278a6bae9be ==============================
[0m15:15:45.153697 [info ] [MainThread]: Running with dbt=1.12.0-b1
[0m15:15:45.155103 [debug] [MainThread]: running dbt with arguments {'static_parser': 'True', 'no_print': 'None', 'version_check': 'True', 'warn_error_options': 'WarnErrorOptionsV2(error=[], warn=[], silence=[])', 'target_path': 'None', 'printer_width': '80', 'write_json': 'True', 'introspect': 'True', 'log_cache_events': 'False', 'empty': 'None', 'cache_selected_only': 'False', 'log_format': 'default', 'debug': 'False', 'fail_fast': 'False', 'partial_parse': 'True', 'send_anonymous_usage_stats': 'True', 'quiet': 'False', 'warn_error': 'None', 'profiles_dir': 'C:\\Users\\laker\\.dbt', 'indirect_selection': 'eager', 'invocation_command': 'dbt debug', 'use_colors': 'True', 'use_experimental_parser': 'False', 'log_path': 'logs'}
[0m15:15:45.230994 [info ] [MainThread]: dbt version: 1.12.0-b1
[0m15:15:45.232195 [info ] [MainThread]: python version: 3.13.5
[0m15:15:45.232969 [info ] [MainThread]: python path: C:\Users\laker\Documents\Projects\wc2026-dashboard\venv\Scripts\python.exe
[0m15:15:45.234618 [info ] [MainThread]: os info: Windows-11-10.0.26200-SP0
[0m15:15:45.374675 [info ] [MainThread]: Using profiles dir at C:\Users\laker\.dbt
[0m15:15:45.375723 [info ] [MainThread]: Using profiles.yml file at C:\Users\laker\.dbt\profiles.yml
[0m15:15:45.376677 [info ] [MainThread]: Using dbt_project.yml file at C:\Users\laker\Documents\Projects\wc2026-dashboard\dbt_project.yml
[0m15:15:45.378860 [info ] [MainThread]: adapter type: postgres
[0m15:15:45.379647 [info ] [MainThread]: adapter version: 1.10.0
[0m15:15:45.380457 [info ] [MainThread]: Configuration:
[0m15:15:45.381124 [info ] [MainThread]:   profiles.yml file [[32mOK found and valid[0m]
[0m15:15:45.382292 [info ] [MainThread]:   dbt_project.yml file [[31mERROR not found[0m]
[0m15:15:45.383570 [info ] [MainThread]: Required dependencies:
[0m15:15:45.384584 [debug] [MainThread]: Executing "git --help"
[0m15:15:45.505393 [debug] [MainThread]: STDOUT: "b"usage: git [-v | --version] [-h | --help] [-C <path>] [-c <name>=<value>]\n           [--exec-path[=<path>]] [--html-path] [--man-path] [--info-path]\n           [-p | --paginate | -P | --no-pager] [--no-replace-objects] [--no-lazy-fetch]\n           [--no-optional-locks] [--no-advice] [--bare] [--git-dir=<path>]\n           [--work-tree=<path>] [--namespace=<name>] [--config-env=<name>=<envvar>]\n           <command> [<args>]\n\nThese are common Git commands used in various situations:\n\nstart a working area (see also: git help tutorial)\n   clone      Clone a repository into a new directory\n   init       Create an empty Git repository or reinitialize an existing one\n\nwork on the current change (see also: git help everyday)\n   add        Add file contents to the index\n   mv         Move or rename a file, a directory, or a symlink\n   restore    Restore working tree files\n   rm         Remove files from the working tree and from the index\n\nexamine the history and state (see also: git help revisions)\n   bisect     Use binary search to find the commit that introduced a bug\n   diff       Show changes between commits, commit and working tree, etc\n   grep       Print lines matching a pattern\n   log        Show commit logs\n   show       Show various types of objects\n   status     Show the working tree status\n\ngrow, mark and tweak your common history\n   backfill   Download missing objects in a partial clone\n   branch     List, create, or delete branches\n   commit     Record changes to the repository\n   merge      Join two or more development histories together\n   rebase     Reapply commits on top of another base tip\n   reset      Reset current HEAD to the specified state\n   switch     Switch branches\n   tag        Create, list, delete or verify a tag object signed with GPG\n\ncollaborate (see also: git help workflows)\n   fetch      Download objects and refs from another repository\n   pull       Fetch from and integrate with another repository or a local branch\n   push       Update remote refs along with associated objects\n\n'git help -a' and 'git help -g' list available subcommands and some\nconcept guides. See 'git help <command>' or 'git help <concept>'\nto read about a specific subcommand or concept.\nSee 'git help git' for an overview of the system.\n""
[0m15:15:45.506551 [debug] [MainThread]: STDERR: "b''"
[0m15:15:45.507634 [info ] [MainThread]:  - git [[32mOK found[0m]

[0m15:15:45.508718 [info ] [MainThread]: Connection:
[0m15:15:45.509566 [info ] [MainThread]:   host: db.sfclubqygpexqxjrmleq.supabase.co
[0m15:15:45.510361 [info ] [MainThread]:   port: 5432
[0m15:15:45.511065 [info ] [MainThread]:   user: postgres
[0m15:15:45.511979 [info ] [MainThread]:   database: postgres
[0m15:15:45.512720 [info ] [MainThread]:   schema: public
[0m15:15:45.513407 [info ] [MainThread]:   connect_timeout: 10
[0m15:15:45.514103 [info ] [MainThread]:   role: None
[0m15:15:45.515200 [info ] [MainThread]:   search_path: None
[0m15:15:45.516382 [info ] [MainThread]:   keepalives_idle: 0
[0m15:15:45.518618 [info ] [MainThread]:   sslmode: None
[0m15:15:45.519610 [info ] [MainThread]:   sslcert: None
[0m15:15:45.521698 [info ] [MainThread]:   sslkey: None
[0m15:15:45.523421 [info ] [MainThread]:   sslrootcert: None
[0m15:15:45.524431 [info ] [MainThread]:   application_name: dbt
[0m15:15:45.525455 [info ] [MainThread]:   retries: 1
[0m15:15:45.526810 [info ] [MainThread]: Registered adapter: postgres=1.10.0
[0m15:15:46.290352 [debug] [MainThread]: Acquiring new postgres connection 'debug'
[0m15:15:52.829477 [debug] [MainThread]: Using postgres connection "debug"
[0m15:15:52.830564 [debug] [MainThread]: On debug: select 1 as id
[0m15:15:52.831191 [debug] [MainThread]: Opening a new connection, currently in state init
[0m15:15:53.194122 [debug] [MainThread]: SQL status: SELECT 1 in 0.363 seconds
[0m15:15:53.198990 [debug] [MainThread]: On debug: Close
[0m15:15:53.200790 [info ] [MainThread]:   Connection test: [[32mOK connection ok[0m]

[0m15:15:53.204200 [info ] [MainThread]: [31m1 check failed:[0m
[0m15:15:53.206093 [info ] [MainThread]: Project loading failed for the following reason:
 project path <C:\Users\laker\Documents\Projects\wc2026-dashboard\dbt_project.yml> not found

[0m15:15:53.208229 [debug] [MainThread]: Command `dbt debug` failed at 15:15:53.207801 after 8.46 seconds
[0m15:15:53.209122 [debug] [MainThread]: Connection 'debug' was properly closed.
[0m15:15:53.209956 [debug] [MainThread]: Sending event: {'category': 'dbt', 'action': 'invocation', 'label': 'end', 'context': [<snowplow_tracker.self_describing_json.SelfDescribingJson object at 0x000001B13211AC40>, <snowplow_tracker.self_describing_json.SelfDescribingJson object at 0x000001B1321B56D0>, <snowplow_tracker.self_describing_json.SelfDescribingJson object at 0x000001B131F0FAC0>]}
[0m15:15:53.210847 [debug] [MainThread]: Flushing usage events
[0m15:15:54.038384 [debug] [MainThread]: An error was encountered while trying to flush usage events
[0m15:17:05.700865 [debug] [MainThread]: Sending event: {'category': 'dbt', 'action': 'invocation', 'label': 'start', 'context': [<snowplow_tracker.self_describing_json.SelfDescribingJson object at 0x000001487FB71E80>, <snowplow_tracker.self_describing_json.SelfDescribingJson object at 0x000001487C9ACCD0>, <snowplow_tracker.self_describing_json.SelfDescribingJson object at 0x0000014801E53C50>]}


============================== 15:17:05.718047 | 04d14615-b26b-4caf-aaf5-d052b6c1fa40 ==============================
[0m15:17:05.718047 [info ] [MainThread]: Running with dbt=1.12.0-b1
[0m15:17:05.719449 [debug] [MainThread]: running dbt with arguments {'version_check': 'True', 'no_print': 'None', 'static_parser': 'True', 'warn_error_options': 'WarnErrorOptionsV2(error=[], warn=[], silence=[])', 'target_path': 'None', 'printer_width': '80', 'write_json': 'True', 'introspect': 'True', 'log_cache_events': 'False', 'empty': 'None', 'cache_selected_only': 'False', 'log_format': 'default', 'debug': 'False', 'fail_fast': 'False', 'partial_parse': 'True', 'send_anonymous_usage_stats': 'True', 'quiet': 'False', 'warn_error': 'None', 'profiles_dir': 'C:\\Users\\laker\\.dbt', 'indirect_selection': 'eager', 'invocation_command': 'dbt debug', 'use_colors': 'True', 'use_experimental_parser': 'False', 'log_path': 'logs'}
[0m15:17:05.771346 [info ] [MainThread]: dbt version: 1.12.0-b1
[0m15:17:05.772824 [info ] [MainThread]: python version: 3.13.5
[0m15:17:05.773795 [info ] [MainThread]: python path: C:\Users\laker\Documents\Projects\wc2026-dashboard\venv\Scripts\python.exe
[0m15:17:05.774426 [info ] [MainThread]: os info: Windows-11-10.0.26200-SP0
[0m15:17:05.912310 [info ] [MainThread]: Using profiles dir at C:\Users\laker\.dbt
[0m15:17:05.913687 [info ] [MainThread]: Using profiles.yml file at C:\Users\laker\.dbt\profiles.yml
[0m15:17:05.914754 [info ] [MainThread]: Using dbt_project.yml file at C:\Users\laker\Documents\Projects\wc2026-dashboard\dbt_project.yml
[0m15:17:05.917370 [info ] [MainThread]: adapter type: postgres
[0m15:17:05.918444 [info ] [MainThread]: adapter version: 1.10.0
[0m15:17:05.921284 [info ] [MainThread]: Configuration:
[0m15:17:05.922347 [info ] [MainThread]:   profiles.yml file [[32mOK found and valid[0m]
[0m15:17:05.923573 [info ] [MainThread]:   dbt_project.yml file [[31mERROR not found[0m]
[0m15:17:05.924588 [info ] [MainThread]: Required dependencies:
[0m15:17:05.925732 [debug] [MainThread]: Executing "git --help"
[0m15:17:06.011735 [debug] [MainThread]: STDOUT: "b"usage: git [-v | --version] [-h | --help] [-C <path>] [-c <name>=<value>]\n           [--exec-path[=<path>]] [--html-path] [--man-path] [--info-path]\n           [-p | --paginate | -P | --no-pager] [--no-replace-objects] [--no-lazy-fetch]\n           [--no-optional-locks] [--no-advice] [--bare] [--git-dir=<path>]\n           [--work-tree=<path>] [--namespace=<name>] [--config-env=<name>=<envvar>]\n           <command> [<args>]\n\nThese are common Git commands used in various situations:\n\nstart a working area (see also: git help tutorial)\n   clone      Clone a repository into a new directory\n   init       Create an empty Git repository or reinitialize an existing one\n\nwork on the current change (see also: git help everyday)\n   add        Add file contents to the index\n   mv         Move or rename a file, a directory, or a symlink\n   restore    Restore working tree files\n   rm         Remove files from the working tree and from the index\n\nexamine the history and state (see also: git help revisions)\n   bisect     Use binary search to find the commit that introduced a bug\n   diff       Show changes between commits, commit and working tree, etc\n   grep       Print lines matching a pattern\n   log        Show commit logs\n   show       Show various types of objects\n   status     Show the working tree status\n\ngrow, mark and tweak your common history\n   backfill   Download missing objects in a partial clone\n   branch     List, create, or delete branches\n   commit     Record changes to the repository\n   merge      Join two or more development histories together\n   rebase     Reapply commits on top of another base tip\n   reset      Reset current HEAD to the specified state\n   switch     Switch branches\n   tag        Create, list, delete or verify a tag object signed with GPG\n\ncollaborate (see also: git help workflows)\n   fetch      Download objects and refs from another repository\n   pull       Fetch from and integrate with another repository or a local branch\n   push       Update remote refs along with associated objects\n\n'git help -a' and 'git help -g' list available subcommands and some\nconcept guides. See 'git help <command>' or 'git help <concept>'\nto read about a specific subcommand or concept.\nSee 'git help git' for an overview of the system.\n""
[0m15:17:06.012435 [debug] [MainThread]: STDERR: "b''"
[0m15:17:06.013083 [info ] [MainThread]:  - git [[32mOK found[0m]

[0m15:17:06.013712 [info ] [MainThread]: Connection:
[0m15:17:06.014234 [info ] [MainThread]:   host: db.sfclubqygpexqxjrmleq.supabase.co
[0m15:17:06.014672 [info ] [MainThread]:   port: 5432
[0m15:17:06.015056 [info ] [MainThread]:   user: postgres
[0m15:17:06.015419 [info ] [MainThread]:   database: postgres
[0m15:17:06.015772 [info ] [MainThread]:   schema: public
[0m15:17:06.016107 [info ] [MainThread]:   connect_timeout: 10
[0m15:17:06.016441 [info ] [MainThread]:   role: None
[0m15:17:06.016782 [info ] [MainThread]:   search_path: None
[0m15:17:06.017111 [info ] [MainThread]:   keepalives_idle: 0
[0m15:17:06.017451 [info ] [MainThread]:   sslmode: None
[0m15:17:06.017787 [info ] [MainThread]:   sslcert: None
[0m15:17:06.018137 [info ] [MainThread]:   sslkey: None
[0m15:17:06.018509 [info ] [MainThread]:   sslrootcert: None
[0m15:17:06.018862 [info ] [MainThread]:   application_name: dbt
[0m15:17:06.020546 [info ] [MainThread]:   retries: 1
[0m15:17:06.021617 [info ] [MainThread]: Registered adapter: postgres=1.10.0
[0m15:17:06.382830 [debug] [MainThread]: Acquiring new postgres connection 'debug'
[0m15:17:06.441868 [debug] [MainThread]: Using postgres connection "debug"
[0m15:17:06.442421 [debug] [MainThread]: On debug: select 1 as id
[0m15:17:06.442783 [debug] [MainThread]: Opening a new connection, currently in state init
[0m15:17:06.850037 [debug] [MainThread]: SQL status: SELECT 1 in 0.407 seconds
[0m15:17:06.852550 [debug] [MainThread]: On debug: Close
[0m15:17:06.854028 [info ] [MainThread]:   Connection test: [[32mOK connection ok[0m]

[0m15:17:06.856162 [info ] [MainThread]: [31m1 check failed:[0m
[0m15:17:06.857434 [info ] [MainThread]: Project loading failed for the following reason:
 project path <C:\Users\laker\Documents\Projects\wc2026-dashboard\dbt_project.yml> not found

[0m15:17:06.859633 [debug] [MainThread]: Command `dbt debug` failed at 15:17:06.859279 after 1.40 seconds
[0m15:17:06.860538 [debug] [MainThread]: Connection 'debug' was properly closed.
[0m15:17:06.861361 [debug] [MainThread]: Sending event: {'category': 'dbt', 'action': 'invocation', 'label': 'end', 'context': [<snowplow_tracker.self_describing_json.SelfDescribingJson object at 0x0000014802136C40>, <snowplow_tracker.self_describing_json.SelfDescribingJson object at 0x00000148021D56D0>, <snowplow_tracker.self_describing_json.SelfDescribingJson object at 0x0000014801F2BAC0>]}
[0m15:17:06.862249 [debug] [MainThread]: Flushing usage events
[0m15:17:07.578656 [debug] [MainThread]: An error was encountered while trying to flush usage events
[0m16:09:06.510998 [debug] [MainThread]: Sending event: {'category': 'dbt', 'action': 'invocation', 'label': 'start', 'context': [<snowplow_tracker.self_describing_json.SelfDescribingJson object at 0x000001C25A261E80>, <snowplow_tracker.self_describing_json.SelfDescribingJson object at 0x000001C2570BCCD0>, <snowplow_tracker.self_describing_json.SelfDescribingJson object at 0x000001C25C52FC50>]}


============================== 16:09:06.519406 | 6028285e-dfa7-4e01-ba72-07ebe4f9791c ==============================
[0m16:09:06.519406 [info ] [MainThread]: Running with dbt=1.12.0-b1
[0m16:09:06.519914 [debug] [MainThread]: running dbt with arguments {'version_check': 'True', 'no_print': 'None', 'static_parser': 'True', 'warn_error_options': 'WarnErrorOptionsV2(error=[], warn=[], silence=[])', 'target_path': 'None', 'printer_width': '80', 'write_json': 'True', 'empty': 'None', 'log_cache_events': 'False', 'introspect': 'True', 'cache_selected_only': 'False', 'fail_fast': 'False', 'debug': 'False', 'log_format': 'default', 'partial_parse': 'True', 'send_anonymous_usage_stats': 'True', 'quiet': 'False', 'warn_error': 'None', 'profiles_dir': 'C:\\Users\\laker\\.dbt', 'use_colors': 'True', 'invocation_command': 'dbt clean', 'indirect_selection': 'eager', 'use_experimental_parser': 'False', 'log_path': 'logs'}
[0m16:09:06.520435 [error] [MainThread]: [[31mERROR[0m]: Encountered an error:
Runtime Error
  No dbt_project.yml found at expected path C:\Users\laker\Documents\Projects\wc2026-dashboard\dbt_project.yml
  Verify that each entry within packages.yml (and their transitive dependencies) contains a file named dbt_project.yml
  
[0m16:09:06.521012 [debug] [MainThread]: Command `dbt clean` failed at 16:09:06.520918 after 0.23 seconds
[0m16:09:06.521263 [debug] [MainThread]: Sending event: {'category': 'dbt', 'action': 'invocation', 'label': 'end', 'context': [<snowplow_tracker.self_describing_json.SelfDescribingJson object at 0x000001C25C4B9350>, <snowplow_tracker.self_describing_json.SelfDescribingJson object at 0x000001C25C620170>, <snowplow_tracker.self_describing_json.SelfDescribingJson object at 0x000001C25C4CA9C0>]}
[0m16:09:06.521490 [debug] [MainThread]: Flushing usage events
[0m16:09:07.036949 [debug] [MainThread]: An error was encountered while trying to flush usage events
[0m16:54:04.865354 [debug] [MainThread]: Sending event: {'category': 'dbt', 'action': 'invocation', 'label': 'start', 'context': [<snowplow_tracker.self_describing_json.SelfDescribingJson object at 0x000001B87BE05E80>, <snowplow_tracker.self_describing_json.SelfDescribingJson object at 0x000001B878C4CCD0>, <snowplow_tracker.self_describing_json.SelfDescribingJson object at 0x000001B87E073D90>]}


============================== 16:54:04.880198 | 93f40a4c-47fa-400e-96a4-6ea74f4e31c2 ==============================
[0m16:54:04.880198 [info ] [MainThread]: Running with dbt=1.12.0-b1
[0m16:54:04.881364 [debug] [MainThread]: running dbt with arguments {'static_parser': 'True', 'no_print': 'None', 'version_check': 'True', 'target_path': 'None', 'warn_error_options': 'WarnErrorOptionsV2(error=[], warn=[], silence=[])', 'printer_width': '80', 'write_json': 'True', 'introspect': 'True', 'log_cache_events': 'False', 'empty': 'False', 'cache_selected_only': 'False', 'fail_fast': 'False', 'debug': 'False', 'log_format': 'default', 'partial_parse': 'True', 'send_anonymous_usage_stats': 'True', 'quiet': 'False', 'warn_error': 'None', 'profiles_dir': 'C:\\Users\\laker\\.dbt', 'indirect_selection': 'eager', 'use_colors': 'True', 'invocation_command': 'dbt run', 'use_experimental_parser': 'False', 'log_path': 'logs'}
[0m16:54:04.882264 [error] [MainThread]: [[31mERROR[0m]: Encountered an error:
Runtime Error
  No dbt_project.yml found at expected path C:\Users\laker\Documents\Projects\wc2026-dashboard\dbt_project.yml
  Verify that each entry within packages.yml (and their transitive dependencies) contains a file named dbt_project.yml
  
[0m16:54:04.883595 [debug] [MainThread]: Command `dbt run` failed at 16:54:04.883391 after 0.28 seconds
[0m16:54:04.884211 [debug] [MainThread]: Sending event: {'category': 'dbt', 'action': 'invocation', 'label': 'end', 'context': [<snowplow_tracker.self_describing_json.SelfDescribingJson object at 0x000001B87E1A9E00>, <snowplow_tracker.self_describing_json.SelfDescribingJson object at 0x000001B87E0EFD10>, <snowplow_tracker.self_describing_json.SelfDescribingJson object at 0x000001B87E1807C0>]}
[0m16:54:04.885099 [debug] [MainThread]: Flushing usage events
[0m16:54:08.417153 [debug] [MainThread]: An error was encountered while trying to flush usage events
[0m18:23:15.102978 [debug] [MainThread]: Sending event: {'category': 'dbt', 'action': 'invocation', 'label': 'start', 'context': [<snowplow_tracker.self_describing_json.SelfDescribingJson object at 0x0000018B29581E80>, <snowplow_tracker.self_describing_json.SelfDescribingJson object at 0x0000018B2634CCD0>, <snowplow_tracker.self_describing_json.SelfDescribingJson object at 0x0000018B2B92FD90>]}


============================== 18:23:15.124054 | d5d7a857-ad79-4cd1-a599-9e27d41e0f52 ==============================
[0m18:23:15.124054 [info ] [MainThread]: Running with dbt=1.12.0-b1
[0m18:23:15.125283 [debug] [MainThread]: running dbt with arguments {'static_parser': 'True', 'no_print': 'None', 'version_check': 'True', 'target_path': 'None', 'warn_error_options': 'WarnErrorOptionsV2(error=[], warn=[], silence=[])', 'printer_width': '80', 'write_json': 'True', 'introspect': 'True', 'log_cache_events': 'False', 'empty': 'None', 'cache_selected_only': 'False', 'log_format': 'default', 'debug': 'False', 'fail_fast': 'False', 'profiles_dir': 'C:\\Users\\laker\\.dbt', 'send_anonymous_usage_stats': 'True', 'quiet': 'False', 'warn_error': 'None', 'partial_parse': 'True', 'use_colors': 'True', 'invocation_command': 'dbt test', 'indirect_selection': 'eager', 'use_experimental_parser': 'False', 'log_path': 'logs'}
[0m18:23:15.126192 [error] [MainThread]: [[31mERROR[0m]: Encountered an error:
Runtime Error
  No dbt_project.yml found at expected path C:\Users\laker\Documents\Projects\wc2026-dashboard\dbt_project.yml
  Verify that each entry within packages.yml (and their transitive dependencies) contains a file named dbt_project.yml
  
[0m18:23:15.127776 [debug] [MainThread]: Command `dbt test` failed at 18:23:15.127516 after 0.30 seconds
[0m18:23:15.128511 [debug] [MainThread]: Sending event: {'category': 'dbt', 'action': 'invocation', 'label': 'end', 'context': [<snowplow_tracker.self_describing_json.SelfDescribingJson object at 0x0000018B2B909E00>, <snowplow_tracker.self_describing_json.SelfDescribingJson object at 0x0000018B2B84BD10>, <snowplow_tracker.self_describing_json.SelfDescribingJson object at 0x0000018B2B8DC7C0>]}
[0m18:23:15.129166 [debug] [MainThread]: Flushing usage events
[0m18:23:16.009371 [debug] [MainThread]: An error was encountered while trying to flush usage events
